OpportunityPK==_id
OpportunityRenewalAmountUSD==targetAmount/normalizedAmount/amount
OpportunityTransactionAmountUSD==amount/normalizedAmount/amount
OpportunityRenewalAmountLocal==targetAmount/amount
OpportunityTransactionAmountLocal==amount/amount
Tenant==systemProperties/tenant
CommitLevel==commitLevel/displayName+commitLevel/name
CreatedBy==systemProperties/createdBy
ModifiedBy==systemProperties/lastModifiedBy
SalesStage==flows/salesStages/state/displayName+flows/salesStages/state/name
OpportunityName==displayName
DirectChannel==extensions/master/directChannel/value/displayName
LocalRenewalCurrency==targetAmount/code/displayName+targetAmount/code/name
LocalTransactionCurrency==amount/code/displayName+amount/code/name
CreatedOnDate==systemProperties/createdOn
EarliestExistingEndDate==targetDate
EstimatedCloseDate==targetDate
ModifiedDate==systemProperties/lastModifiedOn
ResolutionDate==resolutionDate
ClientTheatre==extensions/master/clientTheatre/value/displayName+extensions/master/clientTheatre/value/name
BusinessLine==extensions/master/businessLine/value/displayName+extensions/master/businessLine/value/name
ClientRegion==extensions/master/clientRegion/value/displayName+extensions/master/clientRegion/value/name
ClientTerritory==extensions/master/clientTerritory/value/displayName+extensions/master/clientTerritory/value/name
Country==extensions/master/country/value/displayName+extensions/master/country/value/name
ExistingReseller==incumbentReseller$target/displayName
Customer==customer$target/displayName
SalesRep==salesRep$target/displayName
FirstContactDate==FirstContactDate
FirstQuoteDate==FirstQuoteDate
BookingDate==BookingDate
OpportunityType==extensions/master/opportunityType/value/displayName+extensions/master/opportunityType/value/name
BookingPK==booking$target/key
QuotePK==primaryQuote$target/key
ExistingDistributor==incumbentDistributor$target/displayName
NewDistributor==distributor$target/displayName
NewReseller==reseller$target/displayName
EarliestNewStartDate==extensions/master/earliestNewStartDate/value/value+extensions/master/earliestNewStartDate/value
LatestNewEndDate==extensions/master/latestNewEndDate/value/value+extensions/master/latestNewEndDate/value
TransactionDate==flows/salesStages/transitions[closedSale|noservice|houseaccount]?resolutionDate+extensions/master/forecastedCloseDate/value+systemProperties/modifiedOn
SalesStageOrder==SalesStageOrder
CustomField1==extensions/tenant/atRiskAmount/value
CustomField2==extensions/master/targetPeriod/value/displayName
CustomField3==
CustomField4==
CustomField5==
CustomField6==
CustomField7==
CustomField8==
CustomField9==
