OfferPK==_id
OfferRenewalAmountUSD==targetAmount/normalizedAmount/amount
OfferTransactionAmountUSD==amount/normalizedAmount/amount
OfferRenewalAmountLocal==targetAmount/amount
OfferTransactionAmountLocal==amount/amount
Tenant==systemProperties/tenant
Batch Type==extensions/master/batchType/value/displayName+extensions/master/batchType/value/name
CreatedBy==systemProperties/createdBy
ModifiedBy==systemProperties/lastModifiedBy
ResultReason==resultReason/displayName+resultReason/name
AssetPK==predecessor$target/key
QuotePK==quote$target/key
NewCoveredProduct==product$target/type[app.product/covered]?target/displayName+predecessor$target/relationships/covered/targets/0/relationships/product/targets/0/displayName
NewServiceProduct==product$target/type[app.product/service]?target/displayName
LocalRenewalCurrency==targetAmount/code/displayName+targetAmount/code/name
LocalTransactionCurrency==amount/code/displayName+amount/code/name
CreatedOnDate==systemProperties/createdOn
ModifiedDate==systemProperties/lastModifiedOn
NewStartDate==endDate
NewEndDate==startDate
SalesStage==opportunity$target/flows/salesStages/state/displayName
CustomField1==
CustomField2==
CustomField3==
CustomField4==
CustomField5==
CustomField6==
CustomField7==
CustomField8==
CustomField9==
