assets|_id
assets|amount.amount
assets|amount.code.name
assets|amount.normalizedAmount.amount
assets|amount.normalizedAmount.code.name
assets|displayName
assets|endDate
assets|extensions.master.clientBatchQuarter.value
assets|extensions.master.clientRegion.value.displayName
assets|extensions.master.clientRegion.value.key
assets|extensions.master.clientRegion.value.name
assets|extensions.master.clientTerritory.value.displayName
assets|extensions.master.clientTerritory.value.key
assets|extensions.master.clientTerritory.value.name
assets|extensions.master.clientTheatre.value.displayName
assets|extensions.master.clientTheatre.value.key
assets|extensions.master.clientTheatre.value.name
assets|extensions.master.country.value.displayName
assets|extensions.master.country.value.key
assets|extensions.master.country.value.name
assets|extensions.master.serialNumber.value
assets|externalIds.id
assets|externalIds.schemeId.name
assets|opportunityGenerated
assets|relationships.covered.targets.keyNameType
assets|relationships.predecessor.targets.keyNameType
assets|relationships.product.targets.keyNameType
assets|startDate
assets|systemProperties.createdBy
assets|systemProperties.createdOn
assets|systemProperties.lastModifiedBy
assets|systemProperties.lastModifiedOn
assets|systemProperties.modifiedOn
assets|systemProperties.qRank
assets|systemProperties.tenant
assets|tags
assets|type
bookings|_id
bookings|amount.amount
bookings|amount.code.name
bookings|amount.normalizedAmount.amount
bookings|amount.normalizedAmount.code.name
bookings|displayName
bookings|flows.bookingStages.state.name
bookings|poAmount.amount
bookings|poAmount.code.name
bookings|poAmount.normalizedAmount.amount
bookings|poAmount.normalizedAmount.code.name
bookings|poDate
bookings|poNumber
bookings|soAmount.amount
bookings|soAmount.code.name
bookings|soAmount.normalizedAmount.amount
bookings|soAmount.normalizedAmount.code.name
bookings|soDate
bookings|soNumber
bookings|systemProperties.createdBy
bookings|systemProperties.createdOn
bookings|systemProperties.lastModifiedBy
bookings|systemProperties.lastModifiedOn
bookings|systemProperties.modifiedOn
bookings|systemProperties.tenant
bookings|type
lineitems|_id
lineitems|amount.amount
lineitems|amount.code.name
lineitems|amount.normalizedAmount.amount
lineitems|amount.normalizedAmount.code.name
lineitems|displayName
lineitems|headerDocument.headerKey
lineitems|relationships.base.targets.keyNameType
lineitems|relationships.predecessor.targets.keyNameType
lineitems|systemProperties.createdBy
lineitems|systemProperties.createdOn
lineitems|systemProperties.lastModifiedBy
lineitems|systemProperties.lastModifiedOn
lineitems|systemProperties.modifiedOn
lineitems|systemProperties.tenant
lineitems|type
offers|_id
offers|amount.amount
offers|amount.code.name
offers|amount.normalizedAmount.amount
offers|amount.normalizedAmount.code.name
offers|displayName
offers|endDate
offers|extensions.master.batchType.value.displayName
offers|extensions.master.batchType.value.key
offers|extensions.master.batchType.value.name
offers|isExcluded
offers|relationships.covered.targets.keyNameType
offers|relationships.base.targets.keyNameType
offers|relationships.predecessor.targets.keyNameType
offers|relationships.product.targets.keyNameType
offers|relationships.quote.targets.keyNameType
offers|result.name
offers|resultReason.displayName
offers|resultReason.name
offers|startDate
offers|systemProperties.createdBy
offers|systemProperties.createdOn
offers|systemProperties.lastModifiedBy
offers|systemProperties.lastModifiedOn
offers|systemProperties.modifiedOn
offers|systemProperties.tenant
offers|tags
offers|targetAmount.amount
offers|targetAmount.code.name
offers|targetAmount.normalizedAmount.amount
offers|targetAmount.normalizedAmount.code.name
offers|targetDate
offers|type
opportunities|_id
opportunities|amount.amount
opportunities|amount.code.name
opportunities|amount.normalizedAmount.amount
opportunities|amount.normalizedAmount.code.name
opportunities|commitLevel.name
opportunities|displayName
opportunities|extensions.master.batchQuarter.value
opportunities|extensions.master.businessLine.value.displayName
opportunities|extensions.master.businessLine.value.key
opportunities|extensions.master.businessLine.value.name
opportunities|extensions.master.clientBatchQuarter.value
opportunities|extensions.master.clientRegion.value.displayName
opportunities|extensions.master.clientRegion.value.key
opportunities|extensions.master.clientRegion.value.name
opportunities|extensions.master.clientTerritory.value.displayName
opportunities|extensions.master.clientTerritory.value.key
opportunities|extensions.master.clientTerritory.value.name
opportunities|extensions.master.clientTheatre.value.displayName
opportunities|extensions.master.clientTheatre.value.key
opportunities|extensions.master.clientTheatre.value.name
opportunities|extensions.master.country.value.displayName
opportunities|extensions.master.country.value.key
opportunities|extensions.master.country.value.name
opportunities|extensions.master.directChannel.value.displayName
opportunities|extensions.master.directChannel.value.key
opportunities|extensions.master.directChannel.value.name
opportunities|extensions.master.earliestNewStartDate.value
opportunities|extensions.master.forecastedCloseDate.value
opportunities|extensions.master.latestNewEndDate.value
opportunities|extensions.master.targetPeriod.value.displayName
opportunities|extensions.master.targetPeriod.value.key
opportunities|extensions.master.targetPeriod.value.name
opportunities|externalIds.id
opportunities|flows.salesStages.state.name
opportunities|flows.salesStages.transitions[?(@.toState=='closedSale')].changeDate
opportunities|flows.salesStages.transitions[?(@.toState=='contacted')].changeDate
opportunities|flows.salesStages.transitions[?(@.toState=='quoteCompleted')].changeDate
opportunities|flows.salesStages.transitions[?(@.toState=='quoteDelivered')].changeDate
opportunities|flows.salesStages.transitions[?(@.toState=='quoteRequested')].changeDate
opportunities|isSubordinate
opportunities|relationships.baseQuote.targets.keyNameType
opportunities|relationships.booking.targets.keyNameType
opportunities|relationships.customer.targets.keyNameType
opportunities|relationships.distributor.targets.keyNameType
opportunities|relationships.incumbentDistributor.targets.keyNameType
opportunities|relationships.incumbentReseller.targets.keyNameType
opportunities|relationships.latestQuote.targets.keyNameType
opportunities|relationships.primaryOpportunity.targets.keyNameType
opportunities|relationships.primaryQuote.targets.keyNameType
opportunities|relationships.quote.targets.keyNameType
opportunities|relationships.reseller.targets.keyNameType
opportunities|relationships.salesRep.targets.keyNameType
opportunities|relationships.subordinateOpportunity.targets.keyNameType
opportunities|resolutionDate
opportunities|systemProperties.createdBy
opportunities|systemProperties.createdOn
opportunities|systemProperties.lastModifiedBy
opportunities|systemProperties.lastModifiedOn
opportunities|systemProperties.modifiedOn
opportunities|systemProperties.tenant
opportunities|tags
opportunities|targetAmount.amount
opportunities|targetAmount.code.name
opportunities|targetAmount.normalizedAmount.amount
opportunities|targetAmount.normalizedAmount.code.name
opportunities|targetDate
quotes|_id
quotes|amount.amount
quotes|amount.code.name
quotes|amount.normalizedAmount.amount
quotes|amount.normalizedAmount.code.name
quotes|displayName
quotes|flows.quoteStages.state.name
quotes|isBase
quotes|isDraft
quotes|isInvalid
quotes|isPrimary
quotes|relationships.booking.targets.keyNameType
quotes|systemProperties.createdBy
quotes|systemProperties.createdOn
quotes|systemProperties.lastModifiedBy
quotes|systemProperties.lastModifiedOn
quotes|systemProperties.modifiedOn
quotes|systemProperties.tenant
quotes|type
