assets|extensions.tenant.assetProductGroup.value
assets|extensions.tenant.priorRenewalAmountNotAnnualized.value.amount
assets|relationships.product.targets.keyNameType
assets|extensions.tenant.agreeId.value
assets|extensions.tenant.agreeLineId.value
assets|extensions.tenant.assetId.value
assets|extensions.tenant.entitleId.value
contacts|_id
contacts|displayName
contacts|externalIds.id
lookups|_id
lookups|displayName
lookups|group
lookups|value.end
lookups|value.start
offers|extensions.master.batchType.value.name
offers|extensions.master.batchQuarter.value
offers|extensions.master.existingPONumber.value|OFFERS_CUSTOMFIELD1
offers|extensions.tenant.agreeId.value
offers|extensions.tenant.assetId.value
offers|extensions.tenant.assetProductGroup.value
offers|extensions.tenant.bundledServicePartNumber.value
offers|extensions.tenant.entitleCreateDate.value
offers|extensions.tenant.entitleId.value
offers|extensions.tenant.listPrice.amount
offers|extensions.tenant.listPrice.code.name
offers|extensions.tenant.priorRenewalAmountNotAnnualized.code.name
offers|extensions.tenant.priorRenewalAmountNotAnnualized.value.amount
offers|extensions.tenant.serialNumber.value
offers|extensions.tenant.unbundledServicePartNumber.value
offers|product.displayName
offers|extensions.tenant.agreeLineId.value
opportunities|extensions.master.opportunityType.value.name
opportunities|extensions.tenant.priorRenewalAmountNotAnnualized.value.amount
opportunities|extensions.tenant.newPoNumber.value
opportunities|extensions.tenant.newSalesOrderNumber.value
opportunities|extensions.tenant.newSalesOrderDate.value
opportunities|extensions.tenant.polycomBookingDate.value
products|_id
products|displayName
products|externalIds.id
